1790734061.239617603,0
1790734066.261726421,0
1790734071.285449691,0
1790734076.311329188,0
1790734081.338239737,0
1790734086.365349213,0
1790734091.390411100,0
1790734096.415818088,0
1790734101.440861194,0
1790734106.466830087,0
1790734111.494083399,0
1790734116.518328550,0
1790734121.544196612,0
1790734126.568069513,0
1790734131.626911005,0
1790734136.652094155,0
1790734141.677212488,0
1790734146.712317861,0
1790734151.740069170,0
1790734156.767542823,0
1790734161.792547501,0
1790734166.816360625,0
1790734171.841214013,0
1790734176.868222199,0
1790734181.893644339,0
1790734186.919544704,0
1790734191.945575383,0
1790734196.971190931,0
1790734201.995406542,0
1790734207.026873121,0
1790734212.053074473,0
1790734217.077451447,0
1790734222.103658903,0
1790734227.129615648,0
1790734232.153885212,0
1790734237.179550591,0
1790734242.202581866,0
1790734247.227230339,0
1790734252.252513001,0
1790734257.279291920,0
1790734262.303362229,0
1790734267.329649504,0
1790734272.353968774,0
1790734277.379073330,0
1790734282.407735702,0
1790734287.436697381,0
1790734292.461510715,0
1790734297.487409727,0
1790734302.510716947,0
1790734307.537540983,0
1790734312.561877824,0
1790734317.586133766,0
1790734322.614929490,0
1790734327.640041767,0
1790734332.673482773,0
1790734337.698087179,0
1790734342.722833805,0
1790734347.748511782,0
1790734352.774023189,0
1790734357.800705316,0
1790734362.828589676,0
1790734367.853810473,0
1790734372.882395761,0
1790734377.909371997,0
1790734382.934521403,0
1790734387.961508195,3468
1790734392.982022716,30617
1790734398.002529802,57775
1790734403.022983684,84896
1790734408.043043758,112052
1790734413.063499053,139211
1790734418.083988219,166372
1790734423.104327981,193490
1790734428.124670625,220639
1790734433.144685303,247802
1790734438.164858338,274958
1790734443.185401173,302073
1790734448.205679714,329244
1790734453.227549899,356398
1790734458.247770172,383510
1790734463.267803363,410675
1790734468.288415935,437829
1790734473.308947156,464985
1790734478.329264961,492107
1790734483.348895051,519262
1790734488.369140850,546413
1790734493.389417692,573582
1790734498.410561335,600702
1790734503.431112609,627856
1790734508.451674863,655020
1790734513.471798009,682137
1790734518.493512835,709295
1790734523.514541481,736455
1790734528.534602360,763613
1790734533.555064928,790733
1790734538.575652306,817894
1790734543.596590008,845055
1790734548.616973608,872171
1790734553.637551085,899329
1790734558.658293264,926492
1790734563.678795193,953647
1790734568.699170512,980759
1790734573.719680741,1007928
1790734578.740200648,1035090
1790734583.761952411,1062243
1790734588.782649498,1089367
1790734593.802689488,1116523
1790734598.822891829,1143685
1790734603.844534086,1170815
1790734608.866156493,1197971
1790734613.887181794,1225131
1790734618.907642877,1252288
1790734623.927826233,1279409
1790734628.948538802,1306564
1790734633.968891386,1333734
1790734638.990795659,1360882
1790734644.011003302,1388009
1790734649.032898362,1415117
1790734654.055153158,1442332
1790734659.076375896,1469452
1790734664.097973053,1496617
1790734669.118267637,1523776
1790734674.138126895,1550930
1790734679.158365624,1578043
1790734684.178981693,1605210
1790734689.200087350,1632364
1790734694.220329722,1659516
1790734699.240486933,1686640
1790734704.260366252,1713794
1790734709.280447008,1740950
1790734714.301851918,1768073
1790734719.322258873,1795230
1790734724.342330748,1822382
1790734729.362513585,1849544
1790734734.382640568,1876655
1790734739.402827759,1903811
1790734744.423015520,1930971
1790734749.443277441,1958127
1790734754.463664135,1985244
1790734759.484305593,2012407
1790734764.504312710,2039557
1790734769.524146462,2066669
1790734774.543893500,2093834
1790734779.564834382,2120992
1790734784.585354173,2148146
1790734789.605811943,2175263
1790734794.625630655,2202425
1790734799.645965792,2229580
1790734804.665962458,2256737
1790734809.687613849,2283862
1790734814.708052901,2311024
1790734819.728451764,2338178
1790734824.748723163,2365300
1790734829.769099706,2392454
1790734834.789457294,2419608
1790734839.809586044,2446773
1790734844.830845377,2473888
1790734849.851182821,2501044
1790734854.871400297,2528207
1790734859.891487442,2555323
1790734864.911618524,2582477
1790734869.931750711,2609639
1790734874.951833095,2636789
1790734879.971685658,2663903
1790734884.991781261,2691060
1790734890.011886348,2718215
1790734895.031905914,2745367
1790734900.052131533,2772495
1790734905.072586145,2799656
1790734910.093932124,2826808
1790734915.113488361,2853931
1790734920.133446001,2881086
1790734925.154096678,2908242
1790734930.174371813,2935398
1790734935.195210148,2962526
1790734940.215986184,2989684
1790734945.236081382,3016840
1790734950.256530015,3044002
1790734955.278441035,3071128
1790734960.299976791,3098292
1790734965.321691567,3125457
1790734970.341938376,3133110
1790734975.362004505,3133110
1790734980.380915492,3133110
1790734985.399786598,3133110
1790734990.419121416,3133110
1790734995.438379049,3133110
1790735000.457421642,3133110
1790735005.476717330,3133110
1790735010.495802147,3133110
1790735015.514680394,3133110
1790735020.533574571,3133110
1790735025.552484482,3133110
1790735030.571502319,3133110
1790735035.590156642,3133110
1790735040.610472112,3133110
1790735045.629600748,3133110
1790735050.648515536,3133110
1790735055.667676851,3133110
1790735060.687192706,3133110
1790735065.706155975,3133110
1790735070.725094531,3133110
1790735075.744450830,3133110
1790735080.763246051,3133110
1790735085.782179245,3133110
1790735090.800882931,3133110
1790735095.819526080,3133110
1790735100.838194194,3133110
1790735105.858577163,3133110
1790735110.877308181,3133110
1790735115.896799083,3133110
1790735120.916633109,3133110
1790735125.935999250,3133110
1790735130.954595263,3133110
1790735135.973737940,3133110
1790735140.992607983,3133110
1790735146.011106056,3133110
1790735151.029907823,3133110
1790735156.048975618,3133110
1790735161.067702202,3133110
1790735166.086698192,3133110
1790735171.106638787,3133110
1790735176.125994292,3133110
1790735181.144940406,3133110
1790735186.163498649,3133110
1790735191.182209939,3133110
1790735196.201125031,3133110
1790735201.220623766,3133110
1790735206.239595861,3133110
1790735211.258488338,3133110
1790735216.277421442,3133110
1790735221.296919601,3133110
1790735226.316106196,3133110
1790735231.334943554,3133110
1790735236.355248480,3133110
1790735241.373929543,3133110
1790735246.392833010,3133110
1790735251.411803547,3133110
1790735256.431858084,3133110
1790735261.451983253,3133110
1790735266.472025521,3133110
1790735271.491242963,3133110
1790735276.510591304,3133110
1790735281.529937009,3133110
1790735286.548883555,3133110
1790735291.567828966,3133110
1790735296.587359527,3133110
1790735301.607008920,3133110
1790735306.626137406,3133110
1790735311.645219119,3133110
1790735316.664163245,3133110
1790735321.683908153,3133110
1790735326.702607467,3133110
1790735331.721591627,3133110
1790735336.740281941,3133110
1790735341.759343636,3133110
1790735346.778127739,3133110
1790735351.797050929,3133110
1790735356.815992161,3133110
1790735361.834848095,3133110
1790735366.854737327,3133110
1790735371.873874712,3133110
1790735376.892598869,3133110
1790735381.911542310,3133110
1790735386.930012318,3133110
1790735391.949268339,3133110
1790735396.968060963,3133110
1790735401.987439453,3133110
1790735407.008800608,3133110
1790735412.028518548,3133110
1790735417.047573926,3133110
1790735422.066750242,3133110
1790735427.086005940,3133110
1790735432.105930176,3133110
1790735437.124726046,3133110
1790735442.143753493,3133110
1790735447.163742637,3133110
1790735452.182634758,3133110
1790735457.201900991,3133110
1790735462.220893624,3133110
1790735467.240182759,3133110
1790735472.258962684,3133110
1790735477.278076938,3133110
1790735482.297322267,3133110
1790735487.316613527,3133110
1790735492.335580877,3133110
1790735497.354468976,3133110
1790735502.373335455,3133110
1790735507.392085062,3133110
1790735512.411391614,3133110
1790735517.430556262,3133110
1790735522.449285777,3133110
1790735527.468587844,3133110
1790735532.487227057,3133110
1790735537.506140868,3133110
1790735542.525291247,3133110
1790735547.543999606,3133110
1790735552.563297339,3133110
1790735557.583724059,3133110
1790735562.604830269,3133110
1790735567.624667537,3133110
1790735572.643895238,3133110
1790735577.663035677,3133110
1790735582.682272108,3133110
1790735587.702706625,3133110
1790735592.721727012,3133110
1790735597.740758484,3133110
1790735602.760081642,3133110
1790735607.778945521,3133110
1790735612.797758372,3133110
1790735617.817056774,3133110
1790735622.836308203,3133110
1790735627.856422102,3133110
1790735632.875180861,3133110
1790735637.893985039,3133110
1790735642.912853949,3133110
1790735647.931906703,3133110
1790735652.950618772,3133110
1790735657.969453755,3133110
1790735662.988590207,3133110
1790735668.007338222,3133110
1790735673.026840194,3133110
1790735678.046327027,3133110
1790735683.065020910,3133110
1790735688.084256729,3133110
1790735693.110255662,3133110
1790735698.135941034,3133110
1790735703.160158599,3133110
1790735708.187029640,3133110
1790735713.210591691,3133110
1790735718.236982097,3133110
1790735723.262299078,3133110
1790735728.288920995,3142408
1790735733.309003364,3169561
1790735738.329007154,3196723
1790735743.349107185,3223868
1790735748.369223745,3250990
1790735753.390104770,3278160
1790735758.412452672,3305320
1790735763.433000014,3332441
1790735768.454310192,3359600
1790735773.474848424,3386754
1790735778.494707707,3413904
1790735783.514854833,3441032
1790735788.535291723,3468184
1790735793.555865632,3495338
1790735798.576130072,3522473
1790735803.595922271,3549616
1790735808.616080634,3576773
1790735813.636610118,3603925
1790735818.656191394,3631051
1790735823.677515750,3658209
1790735828.698336371,3685367
1790735833.718916849,3712525
1790735838.739157844,3739640
1790735843.759365174,3766796
1790735848.779370235,3793960
1790735853.799516242,3821073
1790735858.819567833,3848230
1790735863.841622534,3875402
1790735868.863241964,3902556
1790735873.884222173,3929682
1790735878.904748944,3956841
1790735883.925169822,3984002
1790735888.947246439,4011165
1790735893.967520787,4038290
1790735898.987562067,4065442
1790735904.007616868,4092592
1790735909.027767269,4119718
1790735914.047960743,4146873
1790735919.067937361,4174028
1790735924.088333703,4201183
1790735929.108568107,4228302
1790735934.128940285,4255458
1790735939.149714364,4282515
1790735944.169486847,4309777
1790735949.189599009,4336895
1790735954.211489869,4364058
1790735959.231838995,4391214
1790735964.252137071,4418331
1790735969.272666685,4445488
1790735974.292930993,4472650
1790735979.313580812,4499799
1790735984.333561300,4526920
1790735989.354041767,4554077
1790735994.374097885,4581230
1790735999.393994166,4608384
1790736004.414110878,4635507
1790736009.435523349,4662668
1790736014.456501575,4689829
1790736019.477316488,4716945
1790736024.497912828,4744098
1790736029.517807635,4771256
1790736034.538253687,4798414
1790736039.558099534,4825525
1790736044.578176086,4852681
1790736049.598038824,4879841
1790736054.618434848,4906965
1790736059.638277133,4934109
1790736064.658526315,4961271
1790736069.678241203,4988421
1790736074.698572639,5015542
1790736079.719053822,5042701
1790736084.740561088,5069858
1790736089.760494045,5097013
1790736094.780420404,5124126
1790736099.800145170,5151285
1790736104.820330344,5178444
1790736109.840732770,5205563
1790736114.861092403,5232720
1790736119.881898640,5259876
1790736124.902277258,5287037
1790736129.922717114,5314159
1790736134.942811207,5341309
1790736139.963111535,5368464
1790736144.983552072,5395878
1790736150.051637764,5423006
1790736155.071937121,5450156
1790736160.091838024,5477324
1790736165.113588113,5504446
1790736170.135520600,5531611
1790736175.157323251,5558775
1790736180.178001350,5585931
1790736185.198960548,5613045
1790736190.219316940,5640208
1790736195.240067648,5667365
1790736200.260292946,5694517
1790736205.280953795,5721641
1790736210.301057466,5748804
1790736215.321853043,5775950
1790736220.341631898,5803066
1790736225.361507120,5830228
1790736230.381634313,5857386
1790736235.402119814,5884541
1790736240.422888087,5911665
1790736245.443830266,5938825
1790736250.464450838,5965980
1790736255.485497091,5993137
1790736260.505580734,6020261
1790736265.525595352,6047418
1790736270.545365730,6074574
1790736275.565391537,6101695
1790736280.587097117,6128857
1790736285.607532194,6156018
1790736290.628025025,6160199
1790736295.647049030,6160199
1790736300.665808716,6160199
1790736305.684751552,6160199
