1790734062.935218470,0
1790734067.958876811,0
1790734072.985255798,0
1790734078.007688516,0
1790734083.032860202,0
1790734088.058642538,0
1790734093.089177172,0
1790734098.114659793,0
1790734103.139634255,0
1790734108.166714435,0
1790734113.191629464,0
1790734118.215989000,0
1790734123.240526067,0
1790734128.264150282,0
1790734133.287756107,0
1790734138.312470320,0
1790734143.336085126,0
1790734148.359996179,0
1790734153.382923592,0
1790734158.409228560,0
1790734163.431997389,0
1790734168.463322965,0
1790734173.488866876,0
1790734178.514051481,0
1790734183.537950676,0
1790734188.561508255,0
1790734193.584638232,0
1790734198.616293679,0
1790734203.640808687,0
1790734208.664703593,0
1790734213.687989868,0
1790734218.712680386,0
1790734223.738294401,0
1790734228.764781929,0
1790734233.789161585,0
1790734238.814531841,0
1790734243.837727897,0
1790734248.863124849,0
1790734253.887243966,0
1790734258.912333678,0
1790734263.938156253,0
1790734268.965243299,0
1790734273.988810559,0
1790734279.019274282,0
1790734284.044023654,0
1790734289.069315987,0
1790734294.094456569,0
1790734299.118799751,0
1790734304.148009424,0
1790734309.172612213,0
1790734314.197438309,0
1790734319.221226735,0
1790734324.244896165,0
1790734329.269300387,0
1790734334.293893776,0
1790734339.317185606,0
1790734344.342060796,0
1790734349.366295351,0
1790734354.393673351,0
1790734359.418264924,0
1790734364.441108441,0
1790734369.464521364,0
1790734374.487475920,0
1790734379.513560977,0
1790734384.536387687,0
1790734389.559952127,0
1790734394.579159013,0
1790734399.597696786,0
1790734404.616084484,0
1790734409.634487920,0
1790734414.653651705,0
1790734419.674154786,0
1790734424.693670958,0
1790734429.713261108,0
1790734434.732362393,0
1790734439.751842532,0
1790734444.771038830,0
1790734449.790050408,0
1790734454.809146035,0
1790734459.828225397,0
1790734464.846444748,0
1790734469.866141519,0
1790734474.885556579,0
1790734479.903756875,0
1790734484.924007793,0
1790734489.942372600,0
1790734494.961745369,0
1790734499.981019103,0
1790734504.999229374,0
1790734510.019003005,0
1790734515.038133764,0
1790734520.056541989,0
1790734525.075701627,0
1790734530.095218844,0
1790734535.115430801,0
1790734540.133189704,0
1790734545.152377809,0
1790734550.172156483,0
1790734555.191498514,0
1790734560.209869744,0
1790734565.229454121,0
1790734570.248114168,0
1790734575.267925826,0
1790734580.285704367,0
1790734585.304497961,0
1790734590.323193896,0
1790734595.342515213,0
1790734600.361097706,0
1790734605.381402417,0
1790734610.402045409,0
1790734615.422568844,0
1790734620.442153336,0
1790734625.461982607,0
1790734630.481642338,0
1790734635.502266123,0
1790734640.521197690,0
1790734645.540335770,0
1790734650.559232122,0
1790734655.578541049,0
1790734660.598699922,0
1790734665.617298801,0
1790734670.635253397,0
1790734675.653928903,0
1790734680.674007101,0
1790734685.694197839,0
1790734690.713407562,0
1790734695.732657881,0
1790734700.751756807,0
1790734705.770568066,0
1790734710.789654007,0
1790734715.807629177,0
1790734720.826300357,0
1790734725.844168437,0
1790734730.862294698,0
1790734735.881713139,0
1790734740.901019819,0
1790734745.919951690,0
1790734750.938197807,0
1790734755.956740941,0
1790734760.974636537,0
1790734765.992987482,0
1790734771.011123474,0
1790734776.029827484,0
1790734781.048051931,0
1790734786.065614834,0
1790734791.083367165,0
1790734796.102449333,0
1790734801.120788553,0
1790734806.140566488,0
1790734811.159725955,0
1790734816.177993318,0
1790734821.195874815,0
1790734826.213950746,0
1790734831.232695974,0
1790734836.251103621,0
1790734841.270114860,0
1790734846.289466664,0
1790734851.307638090,0
1790734856.326394887,0
1790734861.343824694,0
1790734866.363046815,0
1790734871.382008075,0
1790734876.401391643,0
1790734881.420972783,0
1790734886.439155635,0
1790734891.456781759,0
1790734896.475649346,0
1790734901.494038494,0
1790734906.513077869,0
1790734911.531136103,0
1790734916.549595213,0
1790734921.569154736,0
1790734926.587089000,0
1790734931.605515758,0
1790734936.624231302,0
1790734941.643017109,0
1790734946.661674895,0
1790734951.680225658,0
1790734956.699370394,0
1790734961.718263329,0
1790734966.739757035,0
1790734971.759208236,0
1790734976.776708055,0
1790734981.794143921,0
1790734986.812822374,0
1790734991.831959315,0
1790734996.850065320,0
1790735001.869292280,0
1790735006.888446480,0
1790735011.906437070,0
1790735016.924841095,0
1790735021.942900608,0
1790735026.960148814,0
1790735031.978917183,0
1790735036.997424645,0
1790735042.015531177,0
1790735047.034283759,0
1790735052.053175680,0
1790735057.071397977,0
1790735062.089228271,0
1790735067.108616285,0
1790735072.127908098,0
1790735077.146786067,0
1790735082.164840808,0
1790735087.183263421,0
1790735092.202005540,0
1790735097.219804614,0
1790735102.238386460,0
1790735107.256763844,0
1790735112.275225985,0
1790735117.293766506,0
1790735122.312328178,0
1790735127.330102933,0
1790735132.350108943,0
1790735137.367675482,0
1790735142.385955822,0
1790735147.403491307,0
1790735152.422324339,0
1790735157.440221213,0
1790735162.457859875,0
1790735167.475870013,0
1790735172.494555719,0
1790735177.512515981,0
1790735182.529787182,0
1790735187.548726705,0
1790735192.567298233,0
1790735197.586368402,0
1790735202.604830233,0
1790735207.623326016,0
1790735212.642287981,0
1790735217.660432353,0
1790735222.678305358,0
1790735227.697090164,0
1790735232.715931506,0
1790735237.734823174,0
1790735242.752894437,0
1790735247.771576610,0
1790735252.789306172,0
1790735257.806775797,0
1790735262.825650717,0
1790735267.844323209,0
1790735272.864269385,0
1790735277.883069449,0
1790735282.901985456,0
1790735287.919980233,0
1790735292.938020441,0
1790735297.955816404,0
1790735302.974112728,0
1790735307.995436732,0
1790735313.014210541,0
1790735318.032436847,0
1790735323.050817069,0
1790735328.069839230,0
1790735333.088655130,0
1790735338.107185704,0
1790735343.125975116,0
1790735348.143282416,0
1790735353.161604764,0
1790735358.179802231,0
1790735363.198655073,0
1790735368.216916380,0
1790735373.235689712,0
1790735378.253558887,0
1790735383.271650063,0
1790735388.289551748,0
1790735393.309487824,0
1790735398.327653303,0
1790735403.345851357,0
1790735408.365205583,0
1790735413.382794064,0
1790735418.402001534,0
1790735423.420184585,0
1790735428.439799808,0
1790735433.458417313,0
1790735438.477102914,0
1790735443.495920570,0
1790735448.514250836,0
1790735453.532743552,0
1790735458.550574795,0
1790735463.568552537,0
1790735468.586718304,0
1790735473.604199719,0
1790735478.622822414,0
1790735483.641627217,0
1790735488.658918487,0
1790735493.677615035,0
1790735498.695505000,0
1790735503.713695640,0
1790735508.732501302,0
1790735513.750389611,0
1790735518.769775292,0
1790735523.788389737,0
1790735528.807505055,0
1790735533.825796470,0
1790735538.844496579,0
1790735543.863294580,0
1790735548.881630102,0
1790735553.900110415,0
1790735558.918863273,0
1790735563.937653511,0
1790735568.956340809,0
1790735573.976226557,0
1790735578.994717810,0
1790735584.013365056,0
1790735589.033154948,0
1790735594.051275144,0
1790735599.069502781,0
1790735604.087452929,0
1790735609.106253593,0
1790735614.125305129,0
1790735619.143116266,0
1790735624.161700194,0
1790735629.179835237,0
1790735634.198146672,0
1790735639.216672439,0
1790735644.235018353,0
1790735649.253669433,0
1790735654.272561633,0
1790735659.291898256,0
1790735664.310410117,0
1790735669.328329976,0
1790735674.346228975,0
1790735679.363299888,0
1790735684.380999821,0
1790735689.404348489,0
1790735694.430438707,0
1790735699.466858057,0
1790735704.490378750,0
1790735709.514133594,0
1790735714.537379029,0
1790735719.561822147,0
1790735724.587018931,0
1790735729.612257917,0
1790735734.631248159,0
1790735739.649338638,0
1790735744.667714811,0
1790735749.685783023,0
1790735754.704320698,0
1790735759.722584151,0
1790735764.741026287,0
1790735769.758909381,0
1790735774.776770674,0
1790735779.796427228,0
1790735784.816684856,0
1790735789.837027098,0
1790735794.856269598,0
1790735799.874290123,0
1790735804.893385117,0
1790735809.911992505,0
1790735814.930389622,0
1790735819.948315735,0
1790735824.966738224,0
1790735829.985016919,0
1790735835.004323978,0
1790735840.023032758,0
1790735845.042237746,0
1790735850.060743312,0
1790735855.079552433,0
1790735860.098933987,0
1790735865.117308446,0
1790735870.135548872,0
1790735875.155312478,0
1790735880.175893917,0
1790735885.196633425,0
1790735890.215766905,0
1790735895.235873896,0
1790735900.255068281,0
1790735905.273911537,0
1790735910.297427891,0
1790735915.317138182,0
1790735920.335457265,0
1790735925.354686657,0
1790735930.374126451,0
1790735935.393863767,0
1790735940.412262459,0
1790735945.432138848,0
1790735950.450678639,0
1790735955.469148289,0
1790735960.487532419,0
1790735965.507090931,0
1790735970.526621876,0
1790735975.545403772,0
1790735980.565386748,0
1790735985.584331937,0
1790735990.602805900,0
1790735995.622689881,0
1790736000.642112901,0
1790736005.661576737,0
1790736010.681302160,0
1790736015.700568352,0
1790736020.719930383,0
1790736025.737992311,0
1790736030.756882702,0
1790736035.775396213,0
1790736040.793104253,0
1790736045.812420591,0
1790736050.830379736,0
1790736055.848270006,0
1790736060.866574617,0
1790736065.884531621,0
1790736070.903695656,0
1790736075.922734410,0
1790736080.941409879,0
1790736085.959598924,0
1790736090.978621453,0
1790736095.998224928,0
1790736101.017780561,0
1790736106.036923233,0
1790736111.057394993,0
1790736116.077052123,0
1790736121.095389724,0
1790736126.114503318,0
1790736131.133911366,0
1790736136.152311176,0
1790736141.171369579,0
1790736146.190659445,0
1790736151.210144997,0
1790736156.229670509,0
1790736161.247867962,0
1790736166.267342245,0
1790736171.286493954,0
1790736176.305852516,0
1790736181.325545706,0
1790736186.345717250,0
1790736191.363875553,0
1790736196.382880618,0
1790736201.401620924,0
1790736206.420787751,0
1790736211.439684608,0
1790736216.458793569,0
1790736221.476862430,0
1790736226.496272806,0
1790736231.514825392,0
1790736236.533755215,0
1790736241.552447845,0
1790736246.570889602,0
1790736251.589953034,0
1790736256.608698979,0
1790736261.628670754,0
1790736266.647945311,0
1790736271.666924657,0
1790736276.685589594,0
1790736281.704434708,0
1790736286.722933788,0
1790736291.740890014,0
1790736296.758062788,0
1790736301.776154388,0
1790736306.794118036,0
