1790647674.568498998,0
1790647679.611200169,0
1790647684.634525076,0
1790647689.658748748,0
1790647694.683860013,0
1790647699.706482766,0
1790647704.735088758,0
1790647709.758329595,0
1790647714.783646573,0
1790647719.806761236,0
1790647724.833901232,0
1790647729.859127665,0
1790647734.882743354,0
1790647739.906019291,0
1790647744.929642802,0
1790647749.952843859,0
1790647754.977174352,0
1790647760.003414028,0
1790647765.026700393,0
1790647770.051508976,0
1790647775.075748585,0
1790647780.099050217,0
1790647785.123092372,0
1790647790.146229846,0
1790647795.170406420,0
1790647800.194524522,0
1790647805.219759178,0
1790647810.247988691,0
1790647815.272174003,0
1790647820.296373857,0
1790647825.321804596,0
1790647830.352145266,0
1790647835.376075893,0
1790647840.398745849,0
1790647845.421067639,0
1790647850.443264415,0
1790647855.467823423,0
1790647860.494906715,0
1790647865.518290456,0
1790647870.541122514,0
1790647875.564235018,0
1790647880.591146039,0
1790647885.614538292,0
1790647890.638813630,0
1790647895.666407612,0
1790647900.690888270,0
1790647905.714648994,0
1790647910.738180408,0
1790647915.764123415,0
1790647920.787821486,0
1790647925.810247769,0
1790647930.833280736,0
1790647935.858513385,0
1790647940.881132653,0
1790647945.903690149,0
1790647950.929271085,0
1790647955.956138753,0
1790647960.980810066,0
1790647966.005339298,0
1790647971.031654609,0
1790647976.056862170,0
1790647981.084637729,0
1790647986.112760654,0
1790647991.135798781,0
1790647996.158454622,0
1790648001.180801779,0
1790648006.203282604,0
1790648011.226113689,0
1790648016.253137414,0
1790648021.276103235,0
1790648026.299006672,0
1790648031.321569963,0
1790648036.344353007,0
1790648041.366737926,0
1790648046.389582512,0
1790648051.413957533,0
1790648056.435865481,0
1790648061.457581710,0
1790648066.480747687,0
1790648071.508648893,0
1790648076.531565313,0
1790648081.557098986,0
1790648086.579757868,0
1790648091.601868640,0
1790648096.626615200,0
1790648101.650125579,0
1790648106.674433387,0
1790648111.696963238,0
1790648116.723102389,0
1790648121.745876509,0
1790648126.768384008,0
1790648131.792345713,0
1790648136.814473779,0
1790648141.836188002,0
1790648146.859041472,0
1790648151.886458979,0
1790648156.909672213,0
1790648161.939760966,0
1790648166.969829733,0
1790648171.993018374,0
1790648177.015882479,0
1790648182.040278501,0
1790648187.069032532,0
1790648192.098074205,0
1790648197.121656409,0
1790648202.145726601,0
1790648207.173652646,0
1790648212.197217458,0
1790648217.223933287,0
1790648222.251743707,0
1790648227.276443077,0
1790648232.306886371,0
1790648237.331496533,0
1790648242.354321292,0
1790648247.383345853,0
1790648252.412041123,0
1790648257.435370537,0
1790648262.457993189,0
1790648267.482020911,0
1790648272.507301253,0
1790648277.531950093,0
1790648282.556288707,0
1790648287.582864917,0
1790648292.610556547,0
1790648297.634792350,0
1790648302.661395832,0
1790648307.689237396,0
1790648312.713205086,19041
1790648317.733740366,46186
1790648322.753795671,73324
1790648327.773516710,100463
1790648332.793035983,127602
1790648337.812205599,154741
1790648342.832174568,181871
1790648347.852834590,209032
1790648352.872919290,236171
1790648357.892542802,263311
1790648362.912129894,290453
1790648367.933063642,317590
1790648372.952611401,344735
1790648377.973221959,371884
1790648382.994296899,399030
1790648388.014381572,426167
1790648393.034451360,453314
1790648398.054327921,480453
1790648403.074114502,507597
1790648408.094968766,534738
1790648413.114568671,561876
1790648418.133825470,589014
1790648423.153302935,616181
1790648428.177859169,643320
1790648433.197495258,670456
1790648438.217007120,697610
1790648443.237704245,724747
1790648448.257926137,751906
1790648453.277602072,779052
1790648458.297310997,806192
1790648463.317289125,833328
1790648468.337056624,860474
1790648473.357102425,887611
1790648478.376738908,914750
1790648483.396529424,941883
1790648488.415644131,969027
1790648493.435536595,996166
1790648498.454672632,1023303
1790648503.473797365,1050450
1790648508.494570842,1077593
1790648513.514711913,1104734
1790648518.534163414,1131874
1790648523.553498192,1159013
1790648528.573069982,1186151
1790648533.592280843,1213291
1790648538.611745573,1240430
1790648543.631381090,1267568
1790648548.650777575,1294715
1790648553.670374588,1321846
1790648558.689680830,1348984
1790648563.709156192,1376131
1790648568.728593345,1403269
1790648573.750111551,1430421
1790648578.771355847,1457567
1790648583.792262972,1484713
1790648588.811780522,1511864
1790648593.831983736,1539010
1790648598.851398962,1566147
1790648603.871222355,1593286
1790648608.890838440,1620427
1790648613.910209637,1647562
1790648618.929456106,1674700
1790648623.948881339,1701839
1790648628.968733753,1728997
1790648633.990769500,1756135
1790648639.011201280,1783280
1790648644.031242695,1810420
1790648649.050790519,1837566
1790648654.071957399,1864703
1790648659.091230996,1891850
1790648664.111184159,1918989
1790648669.130693624,1946119
1790648674.150085712,1973266
1790648679.169810146,2000406
1790648684.189272274,2027544
1790648689.209170027,2054691
1790648694.228900813,2081830
1790648699.248484059,2108974
1790648704.269345595,2136112
1790648709.288837873,2163251
1790648714.308360529,2190383
1790648719.327560559,2217529
1790648724.346812130,2244666
1790648729.366906275,2271803
1790648734.386704774,2298949
1790648739.406557505,2326086
1790648744.426317452,2353224
1790648749.446365061,2380364
1790648754.466181444,2407508
1790648759.486067943,2434648
1790648764.505747717,2461782
1790648769.526061235,2488922
1790648774.545379529,2516061
1790648779.564716147,2543197
1790648784.584224418,2570337
1790648789.604336914,2597475
1790648794.624024783,2624620
1790648799.644028396,2651759
1790648804.663907945,2678898
1790648809.683567209,2706043
1790648814.703469938,2733183
1790648819.723126102,2760322
1790648824.742752593,2787460
1790648829.761908586,2814607
1790648834.782200673,2841743
1790648839.802213749,2868882
1790648844.822058591,2896028
1790648849.841776091,2923166
1790648854.862066822,2950319
1790648859.885408539,2977472
1790648864.905668297,3004611
1790648869.925425946,3031749
1790648874.945765317,3058895
1790648879.965856150,3086039
1790648884.986922799,3113179
1790648890.006886981,3140320
1790648895.027463179,3167470
1790648900.048453904,3194607
1790648905.068386937,3221752
1790648910.088112330,3248892
1790648915.107910909,3276030
1790648920.127713079,3303188
1790648925.147359295,3330334
1790648930.167241853,3357473
1790648935.187149620,3384611
1790648940.206751028,3399039
1790648945.226199705,3399039
