1790647669.928898701,0
1790647674.968957396,0
1790647679.991801639,0
1790647685.018886165,0
1790647690.044268972,0
1790647695.067201564,0
1790647700.092521063,0
1790647705.118930436,0
1790647710.143788711,0
1790647715.168391589,0
1790647720.192339583,0
1790647725.215757705,0
1790647730.239800908,0
1790647735.264228613,0
1790647740.289505620,0
1790647745.315907102,0
1790647750.340384557,0
1790647755.365235972,0
1790647760.390104114,0
1790647765.415963801,0
1790647770.442894232,0
1790647775.467533354,0
1790647780.491539548,0
1790647785.515376724,0
1790647790.539192623,0
1790647795.562762687,0
1790647800.586314749,0
1790647805.611648881,0
1790647810.636353133,0
1790647815.660526101,0
1790647820.684745572,0
1790647825.713094780,0
1790647830.737259287,0
1790647835.762477706,0
1790647840.785726265,0
1790647845.810707264,0
1790647850.834045400,0
1790647855.856617580,0
1790647860.880292192,0
1790647865.904151034,0
1790647870.926766512,0
1790647875.950379363,0
1790647880.975352912,0
1790647886.000070630,0
1790647891.024219278,0
1790647896.049033845,0
1790647901.072679478,0
1790647906.097806420,0
1790647911.121491632,0
1790647916.145508550,0
1790647921.169033120,0
1790647926.191864723,0
1790647931.215065412,0
1790647936.237958249,0
1790647941.260692912,0
1790647946.284736774,0
1790647951.310226050,0
1790647956.332732745,0
1790647961.356327681,0
1790647966.383891247,0
1790647971.408245887,0
1790647976.431302329,0
1790647981.455007349,0
1790647986.479381470,0
1790647991.504085744,0
1790647996.528008520,0
1790648001.551226856,0
1790648006.575611182,0
1790648011.599794502,0
1790648016.623373764,0
1790648021.645502460,0
1790648026.668313295,0
1790648031.692769420,0
1790648036.717539163,0
1790648041.741489668,0
1790648046.764947002,0
1790648051.791098493,0
1790648056.814568173,0
1790648061.837092147,0
1790648066.861132204,0
1790648071.885632939,0
1790648076.909692544,0
1790648081.932764235,0
1790648086.956774448,0
1790648091.980617561,0
1790648097.005617313,0
1790648102.029266469,0
1790648107.053070640,0
1790648112.075466398,0
1790648117.100273026,0
1790648122.125021510,0
1790648127.148742895,0
1790648132.172305741,0
1790648137.196867984,0
1790648142.222728831,0
1790648147.246548667,0
1790648152.271405003,0
1790648157.298255988,0
1790648162.322724992,0
1790648167.347192461,0
1790648172.370442149,0
1790648177.394225528,0
1790648182.419431326,0
1790648187.441863866,0
1790648192.463738194,0
1790648197.488179705,0
1790648202.511784415,0
1790648207.537238359,0
1790648212.560544502,0
1790648217.584988576,0
1790648222.611477498,0
1790648227.635481449,0
1790648232.659597859,0
1790648237.684822091,0
1790648242.709350742,0
1790648247.733402744,0
1790648252.757740495,0
1790648257.782433470,0
1790648262.807908910,0
1790648267.834447314,0
1790648272.862156832,0
1790648277.885786753,0
1790648282.909476942,0
1790648287.957771263,0
1790648292.980731077,0
1790648298.006475480,0
1790648303.031224377,0
1790648308.055783314,0
1790648313.078266669,0
1790648318.098167207,0
1790648323.118037617,0
1790648328.137995347,0
1790648333.157646406,0
1790648338.177582407,0
1790648343.196629612,0
1790648348.216140824,0
1790648353.237074324,0
1790648358.257020039,0
1790648363.276964139,0
1790648368.297202408,0
1790648373.317728626,0
1790648378.337746401,0
1790648383.357522604,0
1790648388.376858723,0
1790648393.396183916,0
1790648398.416233104,0
1790648403.435585631,0
1790648408.456518992,0
1790648413.476590246,0
1790648418.497718917,0
1790648423.518016912,0
1790648428.537746311,0
1790648433.558292804,0
1790648438.578467783,0
1790648443.597771359,0
1790648448.617653294,0
1790648453.637451604,0
1790648458.657291573,0
1790648463.676969666,0
1790648468.696970302,0
1790648473.716500206,0
1790648478.736266132,0
1790648483.755924282,0
1790648488.775538505,0
1790648493.795008997,0
1790648498.814532771,0
1790648503.834442153,0
1790648508.854763453,0
1790648513.874021088,0
1790648518.893810269,0
1790648523.913524570,0
1790648528.933295850,0
1790648533.953838585,0
1790648538.973552941,0
1790648543.993444329,0
1790648549.013880040,0
1790648554.033424919,0
1790648559.052796039,0
1790648564.074374115,0
1790648569.095839193,0
1790648574.116982803,0
1790648579.137120041,0
1790648584.157474058,0
1790648589.177963349,0
1790648594.197832745,0
1790648599.217443808,0
1790648604.237741395,0
1790648609.257810908,0
1790648614.278723730,0
1790648619.298303271,0
1790648624.318334436,0
1790648629.338039907,0
1790648634.358203183,0
1790648639.377956571,0
1790648644.398182056,0
1790648649.418282909,0
1790648654.437998198,0
1790648659.457562174,0
1790648664.477902604,0
1790648669.497877687,0
1790648674.517320275,0
1790648679.538145091,0
1790648684.557757490,0
1790648689.577602731,0
1790648694.597311939,0
1790648699.617279310,0
1790648704.636850930,0
1790648709.656304803,0
1790648714.676120932,0
1790648719.696542974,0
1790648724.716102164,0
1790648729.735965946,0
1790648734.755656832,0
1790648739.775916196,0
1790648744.796773388,0
1790648749.816190616,0
1790648754.835911228,0
1790648759.856077361,0
1790648764.875796706,0
1790648769.895763202,0
1790648774.915329484,0
1790648779.935269929,0
1790648784.954537670,0
1790648789.974412349,0
1790648794.993896025,0
1790648800.013637619,0
1790648805.033552583,0
1790648810.054463864,0
1790648815.073582512,0
1790648820.093087572,0
1790648825.113042033,0
1790648830.133310557,0
1790648835.153603199,0
1790648840.173724946,0
1790648845.193832566,0
1790648850.213197128,0
1790648855.232526750,0
1790648860.252031843,0
1790648865.272414589,0
1790648870.293787475,0
1790648875.316136538,0
1790648880.335471890,0
1790648885.355600041,0
1790648890.374900486,0
1790648895.395160003,0
1790648900.415506345,0
1790648905.435479604,0
1790648910.455296462,0
1790648915.474929387,0
1790648920.495334604,0
1790648925.514967764,0
1790648930.534765659,0
1790648935.554515319,0
1790648940.575407020,0
1790648945.594063491,0
